Starting project at E:\random Projects\Grandma's Family Caller App
Starting Metro Bundler
Waiting on http://localhost:8081
Logs for your project will appear below.
Web Bundled 4442ms E:\random Projects\Grandma's Family Caller App\node_modules\expo\AppEntry.js (415 modules)
Web Bundled 33ms E:\random Projects\Grandma's Family Caller App\node_modules\expo\AppEntry.js (1 module)
Web Bundled 67ms E:\random Projects\Grandma's Family Caller App\node_modules\expo\AppEntry.js (1 module)
Web Bundled 1514ms E:\random Projects\Grandma's Family Caller App\node_modules\expo\AppEntry.js (416 modules)
Web Bundled 98ms E:\random Projects\Grandma's Family Caller App\node_modules\expo\AppEntry.js (1 module)
Web Bundled 40ms E:\random Projects\Grandma's Family Caller App\node_modules\expo\AppEntry.js (1 module)
Web Bundled 4029ms E:\random Projects\Grandma's Family Caller App\node_modules\expo\AppEntry.js (1 module)
Web Bundled 327ms E:\random Projects\Grandma's Family Caller App\node_modules\expo\AppEntry.js (1 module)
Android Bundled 2446ms E:\random Projects\Grandma's Family Caller App\node_modules\expo\AppEntry.js (845 modules)
Web Bundled 39ms E:\random Projects\Grandma's Family Caller App\node_modules\expo\AppEntry.js (1 module)
Web Bundled 28ms E:\random Projects\Grandma's Family Caller App\node_modules\expo\AppEntry.js (1 module)
Web Bundled 512ms E:\random Projects\Grandma's Family Caller App\node_modules\expo\AppEntry.js (1 module)
Web Bundled 846ms E:\random Projects\Grandma's Family Caller App\node_modules\expo\AppEntry.js (1 module)
Web Bundled 53ms E:\random Projects\Grandma's Family Caller App\node_modules\expo\AppEntry.js (1 module)
Web Bundled 61ms E:\random Projects\Grandma's Family Caller App\node_modules\expo\AppEntry.js (1 module)
Web Bundled 51ms E:\random Projects\Grandma's Family Caller App\node_modules\expo\AppEntry.js (1 module)
Web Bundled 102ms E:\random Projects\Grandma's Family Caller App\node_modules\expo\AppEntry.js (1 module)
Web Bundled 112ms E:\random Projects\Grandma's Family Caller App\node_modules\expo\AppEntry.js (1 module)
Web Bundled 152ms E:\random Projects\Grandma's Family Caller App\node_modules\expo\AppEntry.js (1 module)
Web Bundled 179ms E:\random Projects\Grandma's Family Caller App\node_modules\expo\AppEntry.js (1 module)
Web Bundled 43ms E:\random Projects\Grandma's Family Caller App\node_modules\expo\AppEntry.js (1 module)
Web Bundled 86ms E:\random Projects\Grandma's Family Caller App\node_modules\expo\AppEntry.js (1 module)
Web Bundled 106ms E:\random Projects\Grandma's Family Caller App\node_modules\expo\AppEntry.js (1 module)
Web Bundled 107ms E:\random Projects\Grandma's Family Caller App\node_modules\expo\AppEntry.js (1 module)
Web Bundled 172ms E:\random Projects\Grandma's Family Caller App\node_modules\expo\AppEntry.js (1 module)
Web Bundled 240ms E:\random Projects\Grandma's Family Caller App\node_modules\expo\AppEntry.js (1 module)
Web Bundled 79ms E:\random Projects\Grandma's Family Caller App\node_modules\expo\AppEntry.js (1 module)
Web Bundled 76ms E:\random Projects\Grandma's Family Caller App\node_modules\expo\AppEntry.js (1 module)
Web Bundled 139ms E:\random Projects\Grandma's Family Caller App\node_modules\expo\AppEntry.js (1 module)
Web Bundled 223ms E:\random Projects\Grandma's Family Caller App\node_modules\expo\AppEntry.js (1 module)
